Scans encontrados : 300  (se procesan 300)
Voxel TSDF / ICP  : 0.1 m / 1 m
Rango             : [1, 60] m
Filtro            : escalar
Compilador        : 13.3.0
Optimizaciones    : NATIVE=0 LTO=0 SOA_ALIGNED=0
Pipeline          : off

  [   0]   65536 ->   57269 pts      53.2 ms       62 MiB
  [  10]   65536 ->   57244 pts      65.6 ms       91 MiB
  [  20]   65536 ->   56950 pts      50.3 ms       94 MiB
  [  30]   65536 ->   56945 pts      56.0 ms       96 MiB
  [  40]   65536 ->   56454 pts      54.1 ms       99 MiB
  [  50]   65536 ->   56687 pts      64.7 ms      102 MiB
  [  60]   65536 ->   56751 pts      63.9 ms      104 MiB
  [  70]   65536 ->   56419 pts      57.1 ms      104 MiB
  [  80]   65536 ->   56429 pts      55.2 ms      107 MiB
  [  90]   65536 ->   55948 pts      69.6 ms      108 MiB
  [ 100]   65536 ->   56222 pts      69.0 ms      110 MiB
  [ 110]   65536 ->   56157 pts      62.3 ms      111 MiB
  [ 120]   65536 ->   55769 pts      64.8 ms      111 MiB
  [ 130]   65536 ->   55892 pts      49.3 ms      112 MiB
  [ 140]   65536 ->   55656 pts      51.1 ms      113 MiB
  [ 150]   65536 ->   54967 pts      50.8 ms      114 MiB
  [ 160]   65536 ->   54486 pts      53.1 ms      115 MiB
  [ 170]   65536 ->   54481 pts      48.3 ms      116 MiB
  [ 180]   65536 ->   53447 pts      39.2 ms      117 MiB
  [ 190]   65536 ->   53182 pts      33.4 ms      118 MiB
  [ 200]   65536 ->   53484 pts      32.0 ms      119 MiB
  [ 210]   65536 ->   53358 pts      35.0 ms      120 MiB
  [ 220]   65536 ->   53962 pts      33.0 ms      122 MiB
  [ 230]   65536 ->   53697 pts      36.8 ms      124 MiB
  [ 240]   65536 ->   53704 pts      35.3 ms      125 MiB
  [ 250]   65536 ->   54038 pts      39.6 ms      127 MiB
  [ 260]   65536 ->   53890 pts      35.5 ms      129 MiB
  [ 270]   65536 ->   53544 pts      45.5 ms      131 MiB
  [ 280]   65536 ->   53328 pts      39.1 ms      133 MiB
  [ 290]   65536 ->   53294 pts      41.5 ms      135 MiB
  [ 299]   65536 ->   53339 pts      71.7 ms      137 MiB

Extrayendo malla (101 repeticion(es))...
Malla: 851194 vertices, 1476686 triangulos
Guardada en: results/opt-pc2-keilin/base/mesh.ply  (escritura 699.8 ms)

Tiempo de pared por etapa (300 muestras, ms):
  etapa          media      std      p50      p95      max
  read            0.54     0.08     0.52     0.67     1.52
  filter          0.18     0.03     0.18     0.21     0.42
  convert         0.14     0.02     0.14     0.16     0.41
  register       21.32    10.57    21.10    39.71    54.36
  transform       0.99     0.06     0.98     1.10     1.28
  integrate      27.57     2.65    26.90    30.85    42.41
  TOTAL/scan     50.74    12.47    51.06    70.99    82.60

Extraccion de malla (101 muestras, ms):
  mesh          717.39    22.66   709.19   764.98   828.02

Ciclo de scans: 15240.9 ms en total, 19.68 scans/s (pipeline off)

Memoria: RSS final 350 MiB, pico 349 MiB
Tiempos por scan en: results/opt-pc2-keilin/base/timings.csv
Tiempos de malla en: results/opt-pc2-keilin/base/mesh.csv
	Command being timed: "build-base/recon --scans data/ncd_sample/scans --out results/opt-pc2-keilin/base/mesh.ply --timing-csv results/opt-pc2-keilin/base/timings.csv --mesh-csv results/opt-pc2-keilin/base/mesh.csv --mesh-repeats 101 --pipeline off --icp-voxel 1.0"
	User time (seconds): 122.20
	System time (seconds): 1.15
	Percent of CPU this job got: 139%
	Elapsed (wall clock) time (h:mm:ss or m:ss): 1:28.44
	Average shared text size (kbytes): 0
	Average unshared data size (kbytes): 0
	Average stack size (kbytes): 0
	Average total size (kbytes): 0
	Maximum resident set size (kbytes): 358392
	Average resident set size (kbytes): 0
	Major (requiring I/O) page faults: 0
	Minor (reclaiming a frame) page faults: 368766
	Voluntary context switches: 18275
	Involuntary context switches: 53340
	Swaps: 0
	File system inputs: 8
	File system outputs: 99296
	Socket messages sent: 0
	Socket messages received: 0
	Signals delivered: 0
	Page size (bytes): 4096
	Exit status: 0
