Scans encontrados : 300  (se procesan 300)
Voxel TSDF / ICP  : 0.1 m / 1 m
Rango             : [1, 60] m
Filtro            : escalar
Compilador        : 13.3.0

  [   0]   65536 ->   57269 pts      51.4 ms       63 MiB
  [  10]   65536 ->   57244 pts      82.1 ms       90 MiB
  [  20]   65536 ->   56950 pts      58.2 ms       93 MiB
  [  30]   65536 ->   56945 pts      68.2 ms       95 MiB
  [  40]   65536 ->   56454 pts      64.2 ms       98 MiB
  [  50]   65536 ->   56687 pts      81.8 ms      100 MiB
  [  60]   65536 ->   56751 pts      80.8 ms      102 MiB
  [  70]   65536 ->   56419 pts      68.9 ms      104 MiB
  [  80]   65536 ->   56429 pts      69.2 ms      106 MiB
  [  90]   65536 ->   55948 pts      89.0 ms      107 MiB
  [ 100]   65536 ->   56222 pts      87.9 ms      108 MiB
  [ 110]   65536 ->   56157 pts      75.7 ms      109 MiB
  [ 120]   65536 ->   55769 pts      81.3 ms      110 MiB
  [ 130]   65536 ->   55892 pts      58.8 ms      112 MiB
  [ 140]   65536 ->   55656 pts      61.2 ms      112 MiB
  [ 150]   65536 ->   54967 pts      64.4 ms      113 MiB
  [ 160]   65536 ->   54486 pts      64.4 ms      114 MiB
  [ 170]   65536 ->   54481 pts      56.1 ms      115 MiB
  [ 180]   65536 ->   53447 pts      43.9 ms      116 MiB
  [ 190]   65536 ->   53182 pts      36.1 ms      118 MiB
  [ 200]   65536 ->   53484 pts      33.4 ms      118 MiB
  [ 210]   65536 ->   53358 pts      38.2 ms      120 MiB
  [ 220]   65536 ->   53962 pts      35.1 ms      121 MiB
  [ 230]   65536 ->   53697 pts      41.4 ms      123 MiB
  [ 240]   65536 ->   53704 pts      38.9 ms      125 MiB
  [ 250]   65536 ->   54038 pts      43.0 ms      126 MiB
  [ 260]   65536 ->   53890 pts      38.5 ms      128 MiB
  [ 270]   65536 ->   53544 pts      52.1 ms      130 MiB
  [ 280]   65536 ->   53328 pts      42.1 ms      132 MiB
  [ 290]   65536 ->   53294 pts      47.9 ms      135 MiB
  [ 299]   65536 ->   53339 pts      73.5 ms      136 MiB

Extrayendo malla (101 repeticion(es))...
Malla: 851194 vertices, 1476686 triangulos
Guardada en: results/pc1-nicole/mesh.ply  (escritura 678.4 ms)

Tiempo de pared por etapa (300 muestras, ms):
  etapa          media      std      p50      p95      max
  read            0.54     0.15     0.52     0.58     2.63
  filter          0.17     0.02     0.17     0.18     0.48
  convert         0.12     0.03     0.11     0.13     0.36
  register       31.15    16.46    30.91    59.35    78.61
  transform       0.96     0.04     0.96     1.00     1.27
  integrate      27.73     2.62    27.14    30.93    42.51
  TOTAL/scan     60.68    18.30    60.20    90.98   109.25

Extraccion de malla (101 muestras, ms):
  mesh          686.48     6.18   685.62   694.27   729.38

Memoria: RSS final 349 MiB, pico 349 MiB
Tiempos por scan en: results/pc1-nicole/timings.csv
Tiempos de malla en: results/pc1-nicole/mesh.csv
	Command being timed: "build/recon --scans data/ncd_sample/scans --out results/pc1-nicole/mesh.ply --timing-csv results/pc1-nicole/timings.csv --mesh-csv results/pc1-nicole/mesh.csv --mesh-repeats 101 --icp-voxel 1.0"
	User time (seconds): 112.60
	System time (seconds): 0.84
	Percent of CPU this job got: 128%
	Elapsed (wall clock) time (h:mm:ss or m:ss): 1:28.28
	Average shared text size (kbytes): 0
	Average unshared data size (kbytes): 0
	Average stack size (kbytes): 0
	Average total size (kbytes): 0
	Maximum resident set size (kbytes): 357724
	Average resident set size (kbytes): 0
	Major (requiring I/O) page faults: 0
	Minor (reclaiming a frame) page faults: 402523
	Voluntary context switches: 6580
	Involuntary context switches: 4083
	Swaps: 0
	File system inputs: 0
	File system outputs: 99296
	Socket messages sent: 0
	Socket messages received: 0
	Signals delivered: 0
	Page size (bytes): 4096
	Exit status: 0
