Scans encontrados : 300  (se procesan 300)
Voxel TSDF / ICP  : 0.1 m / 1 m
Rango             : [1, 60] m
Filtro            : escalar
Compilador        : 13.3.0
Optimizaciones    : NATIVE=0 LTO=0 SOA_ALIGNED=1
Pipeline          : off

  [   0]   65536 ->   57269 pts      51.5 ms       62 MiB
  [  10]   65536 ->   57244 pts      67.1 ms       91 MiB
  [  20]   65536 ->   56950 pts      50.8 ms       93 MiB
  [  30]   65536 ->   56945 pts      57.1 ms       96 MiB
  [  40]   65536 ->   56454 pts      53.8 ms       98 MiB
  [  50]   65536 ->   56687 pts      65.3 ms      101 MiB
  [  60]   65536 ->   56751 pts      63.9 ms      102 MiB
  [  70]   65536 ->   56419 pts      56.7 ms      105 MiB
  [  80]   65536 ->   56429 pts      58.5 ms      106 MiB
  [  90]   65536 ->   55948 pts      70.1 ms      108 MiB
  [ 100]   65536 ->   56222 pts      68.9 ms      109 MiB
  [ 110]   65536 ->   56157 pts      61.4 ms      110 MiB
  [ 120]   65536 ->   55769 pts      64.9 ms      111 MiB
  [ 130]   65536 ->   55892 pts      49.1 ms      112 MiB
  [ 140]   65536 ->   55656 pts      59.1 ms      113 MiB
  [ 150]   65536 ->   54967 pts      50.7 ms      114 MiB
  [ 160]   65536 ->   54486 pts      52.9 ms      115 MiB
  [ 170]   65536 ->   54481 pts      48.6 ms      117 MiB
  [ 180]   65536 ->   53447 pts      39.7 ms      117 MiB
  [ 190]   65536 ->   53182 pts      33.5 ms      118 MiB
  [ 200]   65536 ->   53484 pts      32.0 ms      119 MiB
  [ 210]   65536 ->   53358 pts      36.0 ms      120 MiB
  [ 220]   65536 ->   53962 pts      34.6 ms      122 MiB
  [ 230]   65536 ->   53697 pts      40.9 ms      124 MiB
  [ 240]   65536 ->   53704 pts      35.2 ms      125 MiB
  [ 250]   65536 ->   54038 pts      39.3 ms      127 MiB
  [ 260]   65536 ->   53890 pts      37.9 ms      129 MiB
  [ 270]   65536 ->   53544 pts      45.1 ms      131 MiB
  [ 280]   65536 ->   53328 pts      39.5 ms      133 MiB
  [ 290]   65536 ->   53294 pts      43.1 ms      135 MiB
  [ 299]   65536 ->   53339 pts      60.0 ms      137 MiB

Extrayendo malla (101 repeticion(es))...
Malla: 851194 vertices, 1476686 triangulos
Guardada en: results/opt-pc2-keilin/soa/mesh.ply  (escritura 756.1 ms)

Tiempo de pared por etapa (300 muestras, ms):
  etapa          media      std      p50      p95      max
  read            0.46     0.11     0.42     0.62     1.53
  filter          0.09     0.02     0.09     0.11     0.30
  convert         0.14     0.04     0.14     0.17     0.38
  register       21.79    11.01    21.56    43.97    59.57
  transform       1.00     0.07     0.99     1.10     1.40
  integrate      28.08     2.49    27.79    31.38    41.78
  TOTAL/scan     51.56    12.76    51.46    75.18    93.59

Extraccion de malla (101 muestras, ms):
  mesh          722.70    26.38   710.24   776.14   823.65

Ciclo de scans: 15487.5 ms en total, 19.37 scans/s (pipeline off)

Memoria: RSS final 323 MiB, pico 349 MiB
Tiempos por scan en: results/opt-pc2-keilin/soa/timings.csv
Tiempos de malla en: results/opt-pc2-keilin/soa/mesh.csv
	Command being timed: "build-soa/recon --scans data/ncd_sample/scans --out results/opt-pc2-keilin/soa/mesh.ply --timing-csv results/opt-pc2-keilin/soa/timings.csv --mesh-csv results/opt-pc2-keilin/soa/mesh.csv --mesh-repeats 101 --pipeline off --icp-voxel 1.0"
	User time (seconds): 122.75
	System time (seconds): 1.18
	Percent of CPU this job got: 138%
	Elapsed (wall clock) time (h:mm:ss or m:ss): 1:29.28
	Average shared text size (kbytes): 0
	Average unshared data size (kbytes): 0
	Average stack size (kbytes): 0
	Average total size (kbytes): 0
	Maximum resident set size (kbytes): 357876
	Average resident set size (kbytes): 0
	Major (requiring I/O) page faults: 0
	Minor (reclaiming a frame) page faults: 430977
	Voluntary context switches: 19261
	Involuntary context switches: 67145
	Swaps: 0
	File system inputs: 0
	File system outputs: 99296
	Socket messages sent: 0
	Socket messages received: 0
	Signals delivered: 0
	Page size (bytes): 4096
	Exit status: 0
